Refreshing run status every 30 seconds. Press Ctrl+C to quit.

* master ci · 30260189439
Triggered via push less than a minute ago

JOBS
* deny (ID 89958006795)
  ✓ Set up job
  ✓ Build EmbarkStudios/cargo-deny-action@bb137d7af7e4fb67e5f82a49c4fce4fad40782fe
  ✓ Run actions/checkout@9c091bb21b7c1c1d1991bb908d89e4e9dddfe3e0
  * Run EmbarkStudios/cargo-deny-action@bb137d7af7e4fb67e5f82a49c4fce4fad40782fe
  * Post Run actions/checkout@9c091bb21b7c1c1d1991bb908d89e4e9dddfe3e0
✓ ledger-lint in 10s (ID 89958006873)
  ✓ Set up job
  ✓ Run actions/checkout@9c091bb21b7c1c1d1991bb908d89e4e9dddfe3e0
  ✓ ledger-lint (house YAML invariants)
  ✓ Post Run actions/checkout@9c091bb21b7c1c1d1991bb908d89e4e9dddfe3e0
  ✓ Complete job
* test (macos-15) (ID 89958006889)
  ✓ Set up job
  ✓ Run actions/checkout@9c091bb21b7c1c1d1991bb908d89e4e9dddfe3e0
  ✓ Install pinned Rust toolchain
  * Run Swatinem/rust-cache@c19371144df3bb44fab255c43d04cbc2ab54d1c4
  * Install mkvtoolnix (gated integration tests, Linux)
  * Install mkvtoolnix (gated integration tests, Windows)
  * Install mkvtoolnix (gated integration tests, macOS)
  * Install Tauri Linux build dependencies
  * Run jdx/mise-action@e6a8b3978addb5a52f2b4cd9d91eafa7f0ab959d
  * Install frontend dependencies
  * Run cargo fmt --all --check
  * Run cargo clippy --workspace --all-targets -- -D warnings
  * Run cargo test --workspace
  * cargo doc (rustdoc warnings as errors)
  * Assert no gated tests silently skip (mkvmerge missing)
  * Run pnpm lint
  * Run pnpm build
  * TS bindings are not stale
  * i18n completeness gate
  * Install Playwright Chromium
  * Playwright smoke (GUI e2e)
  * Post Run Swatinem/rust-cache@c19371144df3bb44fab255c43d04cbc2ab54d1c4
  * Post Run actions/checkout@9c091bb21b7c1c1d1991bb908d89e4e9dddfe3e0
* test (windows-2025) (ID 89958006897)
  ✓ Set up job
  ✓ Run actions/checkout@9c091bb21b7c1c1d1991bb908d89e4e9dddfe3e0
  ✓ Install pinned Rust toolchain
  * Run Swatinem/rust-cache@c19371144df3bb44fab255c43d04cbc2ab54d1c4
  * Install mkvtoolnix (gated integration tests, Linux)
  * Install mkvtoolnix (gated integration tests, Windows)
  * Install mkvtoolnix (gated integration tests, macOS)
  * Install Tauri Linux build dependencies
  * Run jdx/mise-action@e6a8b3978addb5a52f2b4cd9d91eafa7f0ab959d
  * Install frontend dependencies
  * Run cargo fmt --all --check
  * Run cargo clippy --workspace --all-targets -- -D warnings
  * Run cargo test --workspace
  * cargo doc (rustdoc warnings as errors)
  * Assert no gated tests silently skip (mkvmerge missing)
  * Run pnpm lint
  * Run pnpm build
  * TS bindings are not stale
  * i18n completeness gate
  * Install Playwright Chromium
  * Playwright smoke (GUI e2e)
  * Post Run Swatinem/rust-cache@c19371144df3bb44fab255c43d04cbc2ab54d1c4
  * Post Run actions/checkout@9c091bb21b7c1c1d1991bb908d89e4e9dddfe3e0
* test (ubuntu-26.04) (ID 89958006937)
  ✓ Set up job
  ✓ Run actions/checkout@9c091bb21b7c1c1d1991bb908d89e4e9dddfe3e0
  ✓ Install pinned Rust toolchain
  * Run Swatinem/rust-cache@c19371144df3bb44fab255c43d04cbc2ab54d1c4
  * Install mkvtoolnix (gated integration tests, Linux)
  * Install mkvtoolnix (gated integration tests, Windows)
  * Install mkvtoolnix (gated integration tests, macOS)
  * Install Tauri Linux build dependencies
  * Run jdx/mise-action@e6a8b3978addb5a52f2b4cd9d91eafa7f0ab959d
  * Install frontend dependencies
  * Run cargo fmt --all --check
  * Run cargo clippy --workspace --all-targets -- -D warnings
  * Run cargo test --workspace
  * cargo doc (rustdoc warnings as errors)
  * Assert no gated tests silently skip (mkvmerge missing)
  * Run pnpm lint
  * Run pnpm build
  * TS bindings are not stale
  * i18n completeness gate
  * Install Playwright Chromium
  * Playwright smoke (GUI e2e)
  * Post Run Swatinem/rust-cache@c19371144df3bb44fab255c43d04cbc2ab54d1c4
  * Post Run actions/checkout@9c091bb21b7c1c1d1991bb908d89e4e9dddfe3e0
Refreshing run status every 30 seconds. Press Ctrl+C to quit.

* master ci · 30260189439
Triggered via push about 1 minute ago

JOBS
✓ deny in 41s (ID 89958006795)
  ✓ Set up job
  ✓ Build EmbarkStudios/cargo-deny-action@bb137d7af7e4fb67e5f82a49c4fce4fad40782fe
  ✓ Run actions/checkout@9c091bb21b7c1c1d1991bb908d89e4e9dddfe3e0
  ✓ Run EmbarkStudios/cargo-deny-action@bb137d7af7e4fb67e5f82a49c4fce4fad40782fe
  ✓ Post Run actions/checkout@9c091bb21b7c1c1d1991bb908d89e4e9dddfe3e0
  ✓ Complete job
✓ ledger-lint in 10s (ID 89958006873)
  ✓ Set up job
  ✓ Run actions/checkout@9c091bb21b7c1c1d1991bb908d89e4e9dddfe3e0
  ✓ ledger-lint (house YAML invariants)
  ✓ Post Run actions/checkout@9c091bb21b7c1c1d1991bb908d89e4e9dddfe3e0
  ✓ Complete job
* test (macos-15) (ID 89958006889)
  ✓ Set up job
  ✓ Run actions/checkout@9c091bb21b7c1c1d1991bb908d89e4e9dddfe3e0
  ✓ Install pinned Rust toolchain
  ✓ Run Swatinem/rust-cache@c19371144df3bb44fab255c43d04cbc2ab54d1c4
  - Install mkvtoolnix (gated integration tests, Linux)
  - Install mkvtoolnix (gated integration tests, Windows)
  * Install mkvtoolnix (gated integration tests, macOS)
  * Install Tauri Linux build dependencies
  * Run jdx/mise-action@e6a8b3978addb5a52f2b4cd9d91eafa7f0ab959d
  * Install frontend dependencies
  * Run cargo fmt --all --check
  * Run cargo clippy --workspace --all-targets -- -D warnings
  * Run cargo test --workspace
  * cargo doc (rustdoc warnings as errors)
  * Assert no gated tests silently skip (mkvmerge missing)
  * Run pnpm lint
  * Run pnpm build
  * TS bindings are not stale
  * i18n completeness gate
  * Install Playwright Chromium
  * Playwright smoke (GUI e2e)
  * Post Run Swatinem/rust-cache@c19371144df3bb44fab255c43d04cbc2ab54d1c4
  * Post Run actions/checkout@9c091bb21b7c1c1d1991bb908d89e4e9dddfe3e0
* test (windows-2025) (ID 89958006897)
  ✓ Set up job
  ✓ Run actions/checkout@9c091bb21b7c1c1d1991bb908d89e4e9dddfe3e0
  ✓ Install pinned Rust toolchain
  ✓ Run Swatinem/rust-cache@c19371144df3bb44fab255c43d04cbc2ab54d1c4
  - Install mkvtoolnix (gated integration tests, Linux)
  * Install mkvtoolnix (gated integration tests, Windows)
  * Install mkvtoolnix (gated integration tests, macOS)
  * Install Tauri Linux build dependencies
  * Run jdx/mise-action@e6a8b3978addb5a52f2b4cd9d91eafa7f0ab959d
  * Install frontend dependencies
  * Run cargo fmt --all --check
  * Run cargo clippy --workspace --all-targets -- -D warnings
  * Run cargo test --workspace
  * cargo doc (rustdoc warnings as errors)
  * Assert no gated tests silently skip (mkvmerge missing)
  * Run pnpm lint
  * Run pnpm build
  * TS bindings are not stale
  * i18n completeness gate
  * Install Playwright Chromium
  * Playwright smoke (GUI e2e)
  * Post Run Swatinem/rust-cache@c19371144df3bb44fab255c43d04cbc2ab54d1c4
  * Post Run actions/checkout@9c091bb21b7c1c1d1991bb908d89e4e9dddfe3e0
* test (ubuntu-26.04) (ID 89958006937)
  ✓ Set up job
  ✓ Run actions/checkout@9c091bb21b7c1c1d1991bb908d89e4e9dddfe3e0
  ✓ Install pinned Rust toolchain
  ✓ Run Swatinem/rust-cache@c19371144df3bb44fab255c43d04cbc2ab54d1c4
  ✓ Install mkvtoolnix (gated integration tests, Linux)
  - Install mkvtoolnix (gated integration tests, Windows)
  - Install mkvtoolnix (gated integration tests, macOS)
  ✓ Install Tauri Linux build dependencies
  * Run jdx/mise-action@e6a8b3978addb5a52f2b4cd9d91eafa7f0ab959d
  * Install frontend dependencies
  * Run cargo fmt --all --check
  * Run cargo clippy --workspace --all-targets -- -D warnings
  * Run cargo test --workspace
  * cargo doc (rustdoc warnings as errors)
  * Assert no gated tests silently skip (mkvmerge missing)
  * Run pnpm lint
  * Run pnpm build
  * TS bindings are not stale
  * i18n completeness gate
  * Install Playwright Chromium
  * Playwright smoke (GUI e2e)
  * Post Run Swatinem/rust-cache@c19371144df3bb44fab255c43d04cbc2ab54d1c4
  * Post Run actions/checkout@9c091bb21b7c1c1d1991bb908d89e4e9dddfe3e0
Refreshing run status every 30 seconds. Press Ctrl+C to quit.

* master ci · 30260189439
Triggered via push about 1 minute ago

JOBS
✓ deny in 41s (ID 89958006795)
  ✓ Set up job
  ✓ Build EmbarkStudios/cargo-deny-action@bb137d7af7e4fb67e5f82a49c4fce4fad40782fe
  ✓ Run actions/checkout@9c091bb21b7c1c1d1991bb908d89e4e9dddfe3e0
  ✓ Run EmbarkStudios/cargo-deny-action@bb137d7af7e4fb67e5f82a49c4fce4fad40782fe
  ✓ Post Run actions/checkout@9c091bb21b7c1c1d1991bb908d89e4e9dddfe3e0
  ✓ Complete job
✓ ledger-lint in 10s (ID 89958006873)
  ✓ Set up job
  ✓ Run actions/checkout@9c091bb21b7c1c1d1991bb908d89e4e9dddfe3e0
  ✓ ledger-lint (house YAML invariants)
  ✓ Post Run actions/checkout@9c091bb21b7c1c1d1991bb908d89e4e9dddfe3e0
  ✓ Complete job
* test (macos-15) (ID 89958006889)
  ✓ Set up job
  ✓ Run actions/checkout@9c091bb21b7c1c1d1991bb908d89e4e9dddfe3e0
  ✓ Install pinned Rust toolchain
  ✓ Run Swatinem/rust-cache@c19371144df3bb44fab255c43d04cbc2ab54d1c4
  - Install mkvtoolnix (gated integration tests, Linux)
  - Install mkvtoolnix (gated integration tests, Windows)
  * Install mkvtoolnix (gated integration tests, macOS)
  * Install Tauri Linux build dependencies
  * Run jdx/mise-action@e6a8b3978addb5a52f2b4cd9d91eafa7f0ab959d
  * Install frontend dependencies
  * Run cargo fmt --all --check
  * Run cargo clippy --workspace --all-targets -- -D warnings
  * Run cargo test --workspace
  * cargo doc (rustdoc warnings as errors)
  * Assert no gated tests silently skip (mkvmerge missing)
  * Run pnpm lint
  * Run pnpm build
  * TS bindings are not stale
  * i18n completeness gate
  * Install Playwright Chromium
  * Playwright smoke (GUI e2e)
  * Post Run Swatinem/rust-cache@c19371144df3bb44fab255c43d04cbc2ab54d1c4
  * Post Run actions/checkout@9c091bb21b7c1c1d1991bb908d89e4e9dddfe3e0
* test (windows-2025) (ID 89958006897)
  ✓ Set up job
  ✓ Run actions/checkout@9c091bb21b7c1c1d1991bb908d89e4e9dddfe3e0
  ✓ Install pinned Rust toolchain
  ✓ Run Swatinem/rust-cache@c19371144df3bb44fab255c43d04cbc2ab54d1c4
  - Install mkvtoolnix (gated integration tests, Linux)
  ✓ Install mkvtoolnix (gated integration tests, Windows)
  - Install mkvtoolnix (gated integration tests, macOS)
  - Install Tauri Linux build dependencies
  ✓ Run jdx/mise-action@e6a8b3978addb5a52f2b4cd9d91eafa7f0ab959d
  ✓ Install frontend dependencies
  * Run cargo fmt --all --check
  * Run cargo clippy --workspace --all-targets -- -D warnings
  * Run cargo test --workspace
  * cargo doc (rustdoc warnings as errors)
  * Assert no gated tests silently skip (mkvmerge missing)
  * Run pnpm lint
  * Run pnpm build
  * TS bindings are not stale
  * i18n completeness gate
  * Install Playwright Chromium
  * Playwright smoke (GUI e2e)
  * Post Run Swatinem/rust-cache@c19371144df3bb44fab255c43d04cbc2ab54d1c4
  * Post Run actions/checkout@9c091bb21b7c1c1d1991bb908d89e4e9dddfe3e0
* test (ubuntu-26.04) (ID 89958006937)
  ✓ Set up job
  ✓ Run actions/checkout@9c091bb21b7c1c1d1991bb908d89e4e9dddfe3e0
  ✓ Install pinned Rust toolchain
  ✓ Run Swatinem/rust-cache@c19371144df3bb44fab255c43d04cbc2ab54d1c4
  ✓ Install mkvtoolnix (gated integration tests, Linux)
  - Install mkvtoolnix (gated integration tests, Windows)
  - Install mkvtoolnix (gated integration tests, macOS)
  ✓ Install Tauri Linux build dependencies
  ✓ Run jdx/mise-action@e6a8b3978addb5a52f2b4cd9d91eafa7f0ab959d
  ✓ Install frontend dependencies
  ✓ Run cargo fmt --all --check
  ✓ Run cargo clippy --workspace --all-targets -- -D warnings
  * Run cargo test --workspace
  * cargo doc (rustdoc warnings as errors)
  * Assert no gated tests silently skip (mkvmerge missing)
  * Run pnpm lint
  * Run pnpm build
  * TS bindings are not stale
  * i18n completeness gate
  * Install Playwright Chromium
  * Playwright smoke (GUI e2e)
  * Post Run Swatinem/rust-cache@c19371144df3bb44fab255c43d04cbc2ab54d1c4
  * Post Run actions/checkout@9c091bb21b7c1c1d1991bb908d89e4e9dddfe3e0
Refreshing run status every 30 seconds. Press Ctrl+C to quit.

* master ci · 30260189439
Triggered via push about 2 minutes ago

JOBS
✓ deny in 41s (ID 89958006795)
  ✓ Set up job
  ✓ Build EmbarkStudios/cargo-deny-action@bb137d7af7e4fb67e5f82a49c4fce4fad40782fe
  ✓ Run actions/checkout@9c091bb21b7c1c1d1991bb908d89e4e9dddfe3e0
  ✓ Run EmbarkStudios/cargo-deny-action@bb137d7af7e4fb67e5f82a49c4fce4fad40782fe
  ✓ Post Run actions/checkout@9c091bb21b7c1c1d1991bb908d89e4e9dddfe3e0
  ✓ Complete job
✓ ledger-lint in 10s (ID 89958006873)
  ✓ Set up job
  ✓ Run actions/checkout@9c091bb21b7c1c1d1991bb908d89e4e9dddfe3e0
  ✓ ledger-lint (house YAML invariants)
  ✓ Post Run actions/checkout@9c091bb21b7c1c1d1991bb908d89e4e9dddfe3e0
  ✓ Complete job
* test (macos-15) (ID 89958006889)
  ✓ Set up job
  ✓ Run actions/checkout@9c091bb21b7c1c1d1991bb908d89e4e9dddfe3e0
  ✓ Install pinned Rust toolchain
  ✓ Run Swatinem/rust-cache@c19371144df3bb44fab255c43d04cbc2ab54d1c4
  - Install mkvtoolnix (gated integration tests, Linux)
  - Install mkvtoolnix (gated integration tests, Windows)
  ✓ Install mkvtoolnix (gated integration tests, macOS)
  - Install Tauri Linux build dependencies
  ✓ Run jdx/mise-action@e6a8b3978addb5a52f2b4cd9d91eafa7f0ab959d
  ✓ Install frontend dependencies
  ✓ Run cargo fmt --all --check
  * Run cargo clippy --workspace --all-targets -- -D warnings
  * Run cargo test --workspace
  * cargo doc (rustdoc warnings as errors)
  * Assert no gated tests silently skip (mkvmerge missing)
  * Run pnpm lint
  * Run pnpm build
  * TS bindings are not stale
  * i18n completeness gate
  * Install Playwright Chromium
  * Playwright smoke (GUI e2e)
  * Post Run Swatinem/rust-cache@c19371144df3bb44fab255c43d04cbc2ab54d1c4
  * Post Run actions/checkout@9c091bb21b7c1c1d1991bb908d89e4e9dddfe3e0
X test (windows-2025) in 1m58s (ID 89958006897)
  ✓ Set up job
  ✓ Run actions/checkout@9c091bb21b7c1c1d1991bb908d89e4e9dddfe3e0
  ✓ Install pinned Rust toolchain
  ✓ Run Swatinem/rust-cache@c19371144df3bb44fab255c43d04cbc2ab54d1c4
  - Install mkvtoolnix (gated integration tests, Linux)
  ✓ Install mkvtoolnix (gated integration tests, Windows)
  - Install mkvtoolnix (gated integration tests, macOS)
  - Install Tauri Linux build dependencies
  ✓ Run jdx/mise-action@e6a8b3978addb5a52f2b4cd9d91eafa7f0ab959d
  ✓ Install frontend dependencies
  ✓ Run cargo fmt --all --check
  X Run cargo clippy --workspace --all-targets -- -D warnings
  - Run cargo test --workspace
  - cargo doc (rustdoc warnings as errors)
  - Assert no gated tests silently skip (mkvmerge missing)
  - Run pnpm lint
  - Run pnpm build
  - TS bindings are not stale
  - i18n completeness gate
  - Install Playwright Chromium
  - Playwright smoke (GUI e2e)
  - Post Run Swatinem/rust-cache@c19371144df3bb44fab255c43d04cbc2ab54d1c4
  ✓ Post Run actions/checkout@9c091bb21b7c1c1d1991bb908d89e4e9dddfe3e0
  ✓ Complete job
* test (ubuntu-26.04) (ID 89958006937)
  ✓ Set up job
  ✓ Run actions/checkout@9c091bb21b7c1c1d1991bb908d89e4e9dddfe3e0
  ✓ Install pinned Rust toolchain
  ✓ Run Swatinem/rust-cache@c19371144df3bb44fab255c43d04cbc2ab54d1c4
  ✓ Install mkvtoolnix (gated integration tests, Linux)
  - Install mkvtoolnix (gated integration tests, Windows)
  - Install mkvtoolnix (gated integration tests, macOS)
  ✓ Install Tauri Linux build dependencies
  ✓ Run jdx/mise-action@e6a8b3978addb5a52f2b4cd9d91eafa7f0ab959d
  ✓ Install frontend dependencies
  ✓ Run cargo fmt --all --check
  ✓ Run cargo clippy --workspace --all-targets -- -D warnings
  ✓ Run cargo test --workspace
  ✓ cargo doc (rustdoc warnings as errors)
  * Assert no gated tests silently skip (mkvmerge missing)
  * Run pnpm lint
  * Run pnpm build
  * TS bindings are not stale
  * i18n completeness gate
  * Install Playwright Chromium
  * Playwright smoke (GUI e2e)
  * Post Run Swatinem/rust-cache@c19371144df3bb44fab255c43d04cbc2ab54d1c4
  * Post Run actions/checkout@9c091bb21b7c1c1d1991bb908d89e4e9dddfe3e0

ANNOTATIONS
X Process completed with exit code 1.
test (windows-2025): .github#28

Refreshing run status every 30 seconds. Press Ctrl+C to quit.

* master ci · 30260189439
Triggered via push about 2 minutes ago

JOBS
✓ deny in 41s (ID 89958006795)
  ✓ Set up job
  ✓ Build EmbarkStudios/cargo-deny-action@bb137d7af7e4fb67e5f82a49c4fce4fad40782fe
  ✓ Run actions/checkout@9c091bb21b7c1c1d1991bb908d89e4e9dddfe3e0
  ✓ Run EmbarkStudios/cargo-deny-action@bb137d7af7e4fb67e5f82a49c4fce4fad40782fe
  ✓ Post Run actions/checkout@9c091bb21b7c1c1d1991bb908d89e4e9dddfe3e0
  ✓ Complete job
✓ ledger-lint in 10s (ID 89958006873)
  ✓ Set up job
  ✓ Run actions/checkout@9c091bb21b7c1c1d1991bb908d89e4e9dddfe3e0
  ✓ ledger-lint (house YAML invariants)
  ✓ Post Run actions/checkout@9c091bb21b7c1c1d1991bb908d89e4e9dddfe3e0
  ✓ Complete job
* test (macos-15) (ID 89958006889)
  ✓ Set up job
  ✓ Run actions/checkout@9c091bb21b7c1c1d1991bb908d89e4e9dddfe3e0
  ✓ Install pinned Rust toolchain
  ✓ Run Swatinem/rust-cache@c19371144df3bb44fab255c43d04cbc2ab54d1c4
  - Install mkvtoolnix (gated integration tests, Linux)
  - Install mkvtoolnix (gated integration tests, Windows)
  ✓ Install mkvtoolnix (gated integration tests, macOS)
  - Install Tauri Linux build dependencies
  ✓ Run jdx/mise-action@e6a8b3978addb5a52f2b4cd9d91eafa7f0ab959d
  ✓ Install frontend dependencies
  ✓ Run cargo fmt --all --check
  ✓ Run cargo clippy --workspace --all-targets -- -D warnings
  * Run cargo test --workspace
  * cargo doc (rustdoc warnings as errors)
  * Assert no gated tests silently skip (mkvmerge missing)
  * Run pnpm lint
  * Run pnpm build
  * TS bindings are not stale
  * i18n completeness gate
  * Install Playwright Chromium
  * Playwright smoke (GUI e2e)
  * Post Run Swatinem/rust-cache@c19371144df3bb44fab255c43d04cbc2ab54d1c4
  * Post Run actions/checkout@9c091bb21b7c1c1d1991bb908d89e4e9dddfe3e0
X test (windows-2025) in 1m58s (ID 89958006897)
  ✓ Set up job
  ✓ Run actions/checkout@9c091bb21b7c1c1d1991bb908d89e4e9dddfe3e0
  ✓ Install pinned Rust toolchain
  ✓ Run Swatinem/rust-cache@c19371144df3bb44fab255c43d04cbc2ab54d1c4
  - Install mkvtoolnix (gated integration tests, Linux)
  ✓ Install mkvtoolnix (gated integration tests, Windows)
  - Install mkvtoolnix (gated integration tests, macOS)
  - Install Tauri Linux build dependencies
  ✓ Run jdx/mise-action@e6a8b3978addb5a52f2b4cd9d91eafa7f0ab959d
  ✓ Install frontend dependencies
  ✓ Run cargo fmt --all --check
  X Run cargo clippy --workspace --all-targets -- -D warnings
  - Run cargo test --workspace
  - cargo doc (rustdoc warnings as errors)
  - Assert no gated tests silently skip (mkvmerge missing)
  - Run pnpm lint
  - Run pnpm build
  - TS bindings are not stale
  - i18n completeness gate
  - Install Playwright Chromium
  - Playwright smoke (GUI e2e)
  - Post Run Swatinem/rust-cache@c19371144df3bb44fab255c43d04cbc2ab54d1c4
  ✓ Post Run actions/checkout@9c091bb21b7c1c1d1991bb908d89e4e9dddfe3e0
  ✓ Complete job
* test (ubuntu-26.04) (ID 89958006937)
  ✓ Set up job
  ✓ Run actions/checkout@9c091bb21b7c1c1d1991bb908d89e4e9dddfe3e0
  ✓ Install pinned Rust toolchain
  ✓ Run Swatinem/rust-cache@c19371144df3bb44fab255c43d04cbc2ab54d1c4
  ✓ Install mkvtoolnix (gated integration tests, Linux)
  - Install mkvtoolnix (gated integration tests, Windows)
  - Install mkvtoolnix (gated integration tests, macOS)
  ✓ Install Tauri Linux build dependencies
  ✓ Run jdx/mise-action@e6a8b3978addb5a52f2b4cd9d91eafa7f0ab959d
  ✓ Install frontend dependencies
  ✓ Run cargo fmt --all --check
  ✓ Run cargo clippy --workspace --all-targets -- -D warnings
  ✓ Run cargo test --workspace
  ✓ cargo doc (rustdoc warnings as errors)
  ✓ Assert no gated tests silently skip (mkvmerge missing)
  ✓ Run pnpm lint
  ✓ Run pnpm build
  * TS bindings are not stale
  * i18n completeness gate
  * Install Playwright Chromium
  * Playwright smoke (GUI e2e)
  * Post Run Swatinem/rust-cache@c19371144df3bb44fab255c43d04cbc2ab54d1c4
  * Post Run actions/checkout@9c091bb21b7c1c1d1991bb908d89e4e9dddfe3e0

ANNOTATIONS
X Process completed with exit code 1.
test (windows-2025): .github#28

Refreshing run status every 30 seconds. Press Ctrl+C to quit.

* master ci · 30260189439
Triggered via push about 3 minutes ago

JOBS
✓ deny in 41s (ID 89958006795)
  ✓ Set up job
  ✓ Build EmbarkStudios/cargo-deny-action@bb137d7af7e4fb67e5f82a49c4fce4fad40782fe
  ✓ Run actions/checkout@9c091bb21b7c1c1d1991bb908d89e4e9dddfe3e0
  ✓ Run EmbarkStudios/cargo-deny-action@bb137d7af7e4fb67e5f82a49c4fce4fad40782fe
  ✓ Post Run actions/checkout@9c091bb21b7c1c1d1991bb908d89e4e9dddfe3e0
  ✓ Complete job
✓ ledger-lint in 10s (ID 89958006873)
  ✓ Set up job
  ✓ Run actions/checkout@9c091bb21b7c1c1d1991bb908d89e4e9dddfe3e0
  ✓ ledger-lint (house YAML invariants)
  ✓ Post Run actions/checkout@9c091bb21b7c1c1d1991bb908d89e4e9dddfe3e0
  ✓ Complete job
* test (macos-15) (ID 89958006889)
  ✓ Set up job
  ✓ Run actions/checkout@9c091bb21b7c1c1d1991bb908d89e4e9dddfe3e0
  ✓ Install pinned Rust toolchain
  ✓ Run Swatinem/rust-cache@c19371144df3bb44fab255c43d04cbc2ab54d1c4
  - Install mkvtoolnix (gated integration tests, Linux)
  - Install mkvtoolnix (gated integration tests, Windows)
  ✓ Install mkvtoolnix (gated integration tests, macOS)
  - Install Tauri Linux build dependencies
  ✓ Run jdx/mise-action@e6a8b3978addb5a52f2b4cd9d91eafa7f0ab959d
  ✓ Install frontend dependencies
  ✓ Run cargo fmt --all --check
  ✓ Run cargo clippy --workspace --all-targets -- -D warnings
  ✓ Run cargo test --workspace
  ✓ cargo doc (rustdoc warnings as errors)
  * Assert no gated tests silently skip (mkvmerge missing)
  * Run pnpm lint
  * Run pnpm build
  * TS bindings are not stale
  * i18n completeness gate
  * Install Playwright Chromium
  * Playwright smoke (GUI e2e)
  * Post Run Swatinem/rust-cache@c19371144df3bb44fab255c43d04cbc2ab54d1c4
  * Post Run actions/checkout@9c091bb21b7c1c1d1991bb908d89e4e9dddfe3e0
X test (windows-2025) in 1m58s (ID 89958006897)
  ✓ Set up job
  ✓ Run actions/checkout@9c091bb21b7c1c1d1991bb908d89e4e9dddfe3e0
  ✓ Install pinned Rust toolchain
  ✓ Run Swatinem/rust-cache@c19371144df3bb44fab255c43d04cbc2ab54d1c4
  - Install mkvtoolnix (gated integration tests, Linux)
  ✓ Install mkvtoolnix (gated integration tests, Windows)
  - Install mkvtoolnix (gated integration tests, macOS)
  - Install Tauri Linux build dependencies
  ✓ Run jdx/mise-action@e6a8b3978addb5a52f2b4cd9d91eafa7f0ab959d
  ✓ Install frontend dependencies
  ✓ Run cargo fmt --all --check
  X Run cargo clippy --workspace --all-targets -- -D warnings
  - Run cargo test --workspace
  - cargo doc (rustdoc warnings as errors)
  - Assert no gated tests silently skip (mkvmerge missing)
  - Run pnpm lint
  - Run pnpm build
  - TS bindings are not stale
  - i18n completeness gate
  - Install Playwright Chromium
  - Playwright smoke (GUI e2e)
  - Post Run Swatinem/rust-cache@c19371144df3bb44fab255c43d04cbc2ab54d1c4
  ✓ Post Run actions/checkout@9c091bb21b7c1c1d1991bb908d89e4e9dddfe3e0
  ✓ Complete job
* test (ubuntu-26.04) (ID 89958006937)
  ✓ Set up job
  ✓ Run actions/checkout@9c091bb21b7c1c1d1991bb908d89e4e9dddfe3e0
  ✓ Install pinned Rust toolchain
  ✓ Run Swatinem/rust-cache@c19371144df3bb44fab255c43d04cbc2ab54d1c4
  ✓ Install mkvtoolnix (gated integration tests, Linux)
  - Install mkvtoolnix (gated integration tests, Windows)
  - Install mkvtoolnix (gated integration tests, macOS)
  ✓ Install Tauri Linux build dependencies
  ✓ Run jdx/mise-action@e6a8b3978addb5a52f2b4cd9d91eafa7f0ab959d
  ✓ Install frontend dependencies
  ✓ Run cargo fmt --all --check
  ✓ Run cargo clippy --workspace --all-targets -- -D warnings
  ✓ Run cargo test --workspace
  ✓ cargo doc (rustdoc warnings as errors)
  ✓ Assert no gated tests silently skip (mkvmerge missing)
  ✓ Run pnpm lint
  ✓ Run pnpm build
  ✓ TS bindings are not stale
  ✓ i18n completeness gate
  ✓ Install Playwright Chromium
  * Playwright smoke (GUI e2e)
  * Post Run Swatinem/rust-cache@c19371144df3bb44fab255c43d04cbc2ab54d1c4
  * Post Run actions/checkout@9c091bb21b7c1c1d1991bb908d89e4e9dddfe3e0

ANNOTATIONS
X Process completed with exit code 1.
test (windows-2025): .github#28

X master ci · 30260189439
Triggered via push about 3 minutes ago

JOBS
✓ deny in 41s (ID 89958006795)
  ✓ Set up job
  ✓ Build EmbarkStudios/cargo-deny-action@bb137d7af7e4fb67e5f82a49c4fce4fad40782fe
  ✓ Run actions/checkout@9c091bb21b7c1c1d1991bb908d89e4e9dddfe3e0
  ✓ Run EmbarkStudios/cargo-deny-action@bb137d7af7e4fb67e5f82a49c4fce4fad40782fe
  ✓ Post Run actions/checkout@9c091bb21b7c1c1d1991bb908d89e4e9dddfe3e0
  ✓ Complete job
✓ ledger-lint in 10s (ID 89958006873)
  ✓ Set up job
  ✓ Run actions/checkout@9c091bb21b7c1c1d1991bb908d89e4e9dddfe3e0
  ✓ ledger-lint (house YAML invariants)
  ✓ Post Run actions/checkout@9c091bb21b7c1c1d1991bb908d89e4e9dddfe3e0
  ✓ Complete job
✓ test (macos-15) in 3m16s (ID 89958006889)
  ✓ Set up job
  ✓ Run actions/checkout@9c091bb21b7c1c1d1991bb908d89e4e9dddfe3e0
  ✓ Install pinned Rust toolchain
  ✓ Run Swatinem/rust-cache@c19371144df3bb44fab255c43d04cbc2ab54d1c4
  - Install mkvtoolnix (gated integration tests, Linux)
  - Install mkvtoolnix (gated integration tests, Windows)
  ✓ Install mkvtoolnix (gated integration tests, macOS)
  - Install Tauri Linux build dependencies
  ✓ Run jdx/mise-action@e6a8b3978addb5a52f2b4cd9d91eafa7f0ab959d
  ✓ Install frontend dependencies
  ✓ Run cargo fmt --all --check
  ✓ Run cargo clippy --workspace --all-targets -- -D warnings
  ✓ Run cargo test --workspace
  ✓ cargo doc (rustdoc warnings as errors)
  ✓ Assert no gated tests silently skip (mkvmerge missing)
  ✓ Run pnpm lint
  ✓ Run pnpm build
  - TS bindings are not stale
  - i18n completeness gate
  - Install Playwright Chromium
  - Playwright smoke (GUI e2e)
  ✓ Post Run Swatinem/rust-cache@c19371144df3bb44fab255c43d04cbc2ab54d1c4
  ✓ Post Run actions/checkout@9c091bb21b7c1c1d1991bb908d89e4e9dddfe3e0
  ✓ Complete job
X test (windows-2025) in 1m58s (ID 89958006897)
  ✓ Set up job
  ✓ Run actions/checkout@9c091bb21b7c1c1d1991bb908d89e4e9dddfe3e0
  ✓ Install pinned Rust toolchain
  ✓ Run Swatinem/rust-cache@c19371144df3bb44fab255c43d04cbc2ab54d1c4
  - Install mkvtoolnix (gated integration tests, Linux)
  ✓ Install mkvtoolnix (gated integration tests, Windows)
  - Install mkvtoolnix (gated integration tests, macOS)
  - Install Tauri Linux build dependencies
  ✓ Run jdx/mise-action@e6a8b3978addb5a52f2b4cd9d91eafa7f0ab959d
  ✓ Install frontend dependencies
  ✓ Run cargo fmt --all --check
  X Run cargo clippy --workspace --all-targets -- -D warnings
  - Run cargo test --workspace
  - cargo doc (rustdoc warnings as errors)
  - Assert no gated tests silently skip (mkvmerge missing)
  - Run pnpm lint
  - Run pnpm build
  - TS bindings are not stale
  - i18n completeness gate
  - Install Playwright Chromium
  - Playwright smoke (GUI e2e)
  - Post Run Swatinem/rust-cache@c19371144df3bb44fab255c43d04cbc2ab54d1c4
  ✓ Post Run actions/checkout@9c091bb21b7c1c1d1991bb908d89e4e9dddfe3e0
  ✓ Complete job
✓ test (ubuntu-26.04) in 3m24s (ID 89958006937)
  ✓ Set up job
  ✓ Run actions/checkout@9c091bb21b7c1c1d1991bb908d89e4e9dddfe3e0
  ✓ Install pinned Rust toolchain
  ✓ Run Swatinem/rust-cache@c19371144df3bb44fab255c43d04cbc2ab54d1c4
  ✓ Install mkvtoolnix (gated integration tests, Linux)
  - Install mkvtoolnix (gated integration tests, Windows)
  - Install mkvtoolnix (gated integration tests, macOS)
  ✓ Install Tauri Linux build dependencies
  ✓ Run jdx/mise-action@e6a8b3978addb5a52f2b4cd9d91eafa7f0ab959d
  ✓ Install frontend dependencies
  ✓ Run cargo fmt --all --check
  ✓ Run cargo clippy --workspace --all-targets -- -D warnings
  ✓ Run cargo test --workspace
  ✓ cargo doc (rustdoc warnings as errors)
  ✓ Assert no gated tests silently skip (mkvmerge missing)
  ✓ Run pnpm lint
  ✓ Run pnpm build
  ✓ TS bindings are not stale
  ✓ i18n completeness gate
  ✓ Install Playwright Chromium
  ✓ Playwright smoke (GUI e2e)
  ✓ Post Run Swatinem/rust-cache@c19371144df3bb44fab255c43d04cbc2ab54d1c4
  ✓ Post Run actions/checkout@9c091bb21b7c1c1d1991bb908d89e4e9dddfe3e0
  ✓ Complete job

ANNOTATIONS
X Process completed with exit code 1.
test (windows-2025): .github#28

CI WATCH EXIT: 1
